// Jest Snapshot v1, https://goo.gl/fbAQLP

exports[`renders homepage unchanged 1`] = `
<div>
  <header>
    <nav
      className="navbar sticky-top bg-info navbar-expand-lg navbar-light"
    >
      <div
        className="container-fluid"
      >
        <a
          className="navbar-brand"
          href="/"
          onClick={[Function]}
          onMouseEnter={[Function]}
        >
          La Familia Reynosa
        </a>
        <button
          aria-controls="navbarNavDropdown"
          aria-expanded="false"
          aria-label="Toggle navigation"
          className="navbar-toggler"
          data-bs-target="#navbarNavDropdown"
          data-bs-toggle="collapse"
          type="button"
        >
          <span
            className="navbar-toggler-icon"
          />
        </button>
        <div
          className="collapse navbar-collapse"
          id="navbarNavDropdown"
        >
          <ul
            className="navbar-nav"
          >
            <li
              className="nav-item"
            >
              <a
                aria-current="page"
                className="nav-link active"
                href="/"
                onClick={[Function]}
                onMouseEnter={[Function]}
              >
                Home
              </a>
            </li>
            <li
              className="nav-item"
            >
              <a
                className="nav-link"
                href="/2"
                onClick={[Function]}
                onMouseEnter={[Function]}
              >
                Esteban Reynosa
              </a>
            </li>
            <li
              className="nav-item"
            >
              <a
                className="nav-link"
                href="/1"
                onClick={[Function]}
                onMouseEnter={[Function]}
              >
                Maria Reynosa
              </a>
            </li>
            <li
              className="nav-item dropdown"
            >
              <a
                aria-expanded="false"
                className="nav-link dropdown-toggle"
                data-bs-toggle="dropdown"
                href="#"
                id="navbarDropdownMenuLink"
                role="button"
              >
                More
              </a>
              <ul
                aria-labelledby="navbarDropdownMenuLink"
                className="dropdown-menu"
              >
                <li>
                  <a
                    className="dropdown-item"
                    href="/3"
                    onClick={[Function]}
                    onMouseEnter={[Function]}
                  >
                    Ofelia
                  </a>
                </li>
              </ul>
            </li>
          </ul>
        </div>
      </div>
    </nav>
  </header>
  <main>
    <h1
      className="text-center mt-4"
    >
      My family
    </h1>
    <p
      className="lead text-center"
    >
      Hi there, this is my family. Click on each member to see a bit more info about each! Have a nice day!
      <svg
        className="bi bi-sun"
        fill="currentColor"
        height="16"
        viewBox="0 0 16 16"
        width="16"
        xmlns="http://www.w3.org/2000/svg"
      >
        <path
          d="M8 11a3 3 0 1 1 0-6 3 3 0 0 1 0 6zm0 1a4 4 0 1 0 0-8 4 4 0 0 0 0 8zM8 0a.5.5 0 0 1 .5.5v2a.5.5 0 0 1-1 0v-2A.5.5 0 0 1 8 0zm0 13a.5.5 0 0 1 .5.5v2a.5.5 0 0 1-1 0v-2A.5.5 0 0 1 8 13zm8-5a.5.5 0 0 1-.5.5h-2a.5.5 0 0 1 0-1h2a.5.5 0 0 1 .5.5zM3 8a.5.5 0 0 1-.5.5h-2a.5.5 0 0 1 0-1h2A.5.5 0 0 1 3 8zm10.657-5.657a.5.5 0 0 1 0 .707l-1.414 1.415a.5.5 0 1 1-.707-.708l1.414-1.414a.5.5 0 0 1 .707 0zm-9.193 9.193a.5.5 0 0 1 0 .707L3.05 13.657a.5.5 0 0 1-.707-.707l1.414-1.414a.5.5 0 0 1 .707 0zm9.193 2.121a.5.5 0 0 1-.707 0l-1.414-1.414a.5.5 0 0 1 .707-.707l1.414 1.414a.5.5 0 0 1 0 .707zM4.464 4.465a.5.5 0 0 1-.707 0L2.343 3.05a.5.5 0 1 1 .707-.707l1.414 1.414a.5.5 0 0 1 0 .708z"
        />
      </svg>
    </p>
    <div
      className="text-center"
    >
      <ul
        className="list-group list-group-flush"
      />
    </div>
  </main>
  <footer>
    <div
      className="container"
    >
      <div
        className="row"
      >
        <div
          className="col-4 text-center mt-4"
        >
          Visit Us in Santa Rosa
        </div>
        <div
          className="col-4 text-center mt-4"
        >
          Â© 2021
        </div>
        <div
          className="col-4 text-center mt-4"
        >
          Our Socials
        </div>
      </div>
    </div>
  </footer>
</div>
`;
